// Jest Snapshot v1, https://goo.gl/fbAQLP

exports[`App will match snapshot 1`] = `
Object {
  "asFragment": [Function],
  "baseElement": <body>
    <div>
      <div
        class="container"
      >
        <div
          class="nav-bar"
        >
          <div
            class="nav-bar-left"
          >
            <div
              class="nav-bar-item nav-bar-item-active"
              data-testid="home"
            >
              Home
            </div>
            <div
              class="nav-bar-item "
              data-testid="leaderboard"
            >
              Leaderboard
            </div>
            <div
              class="nav-bar-item "
              data-testid="newPoll"
            >
              New
            </div>
          </div>
          <div
            class="nav-bar-item-center"
          />
          <div
            class="nav-bar-right"
          >
            <div
              class="nav-bar-item nav-bar-item-user"
            >
              sarahedo
            </div>
            <div
              class="nav-bar-item "
              data-testid="logout"
            >
              Logout
            </div>
          </div>
        </div>
        <h1>
          Welcome 
          sarahedo
        </h1>
        <div
          class="nav-bar-left "
        >
          <div
            class="nav-bar-item nav-bar-item-active"
            data-testid="unansweredTab"
          >
            New Questions
          </div>
          <div
            class="nav-bar-item false"
            data-testid="answeredTab"
          >
            Done
          </div>
        </div>
        <div
          class="group-poll"
        >
          <div
            class="group-poll-left"
          />
          <div
            class="group-poll-center"
          >
            <div
              class="group-poll-label"
            >
              New Questions
            </div>
            <div
              class="polls"
            >
              <div
                class="poll"
              >
                <div
                  class="poll-item-top"
                >
                  <div
                    class="poll-item-top-user"
                  >
                    tylermcginnis
                  </div>
                  <div
                    class="poll-item-top-date"
                  >
                    2:12 AM | 9/17/2023
                  </div>
                </div>
                <div
                  class="poll-item-bottom"
                >
                  <a
                    class="poll-btn"
                    href="/question/vthrdm985a262al8qx3do"
                  >
                    Show
                  </a>
                </div>
              </div>
              <div
                class="poll"
              >
                <div
                  class="poll-item-top"
                >
                  <div
                    class="poll-item-top-user"
                  >
                    mtsamis
                  </div>
                  <div
                    class="poll-item-top-date"
                  >
                    11:32 PM | 9/15/2023
                  </div>
                </div>
                <div
                  class="poll-item-bottom"
                >
                  <a
                    class="poll-btn"
                    href="/question/xj352vofupe1dqz9emx13r"
                  >
                    Show
                  </a>
                </div>
              </div>
            </div>
          </div>
          <div
            class="group-poll-right"
          />
        </div>
      </div>
    </div>
  </body>,
  "container": <div>
    <div
      class="container"
    >
      <div
        class="nav-bar"
      >
        <div
          class="nav-bar-left"
        >
          <div
            class="nav-bar-item nav-bar-item-active"
            data-testid="home"
          >
            Home
          </div>
          <div
            class="nav-bar-item "
            data-testid="leaderboard"
          >
            Leaderboard
          </div>
          <div
            class="nav-bar-item "
            data-testid="newPoll"
          >
            New
          </div>
        </div>
        <div
          class="nav-bar-item-center"
        />
        <div
          class="nav-bar-right"
        >
          <div
            class="nav-bar-item nav-bar-item-user"
          >
            sarahedo
          </div>
          <div
            class="nav-bar-item "
            data-testid="logout"
          >
            Logout
          </div>
        </div>
      </div>
      <h1>
        Welcome 
        sarahedo
      </h1>
      <div
        class="nav-bar-left "
      >
        <div
          class="nav-bar-item nav-bar-item-active"
          data-testid="unansweredTab"
        >
          New Questions
        </div>
        <div
          class="nav-bar-item false"
          data-testid="answeredTab"
        >
          Done
        </div>
      </div>
      <div
        class="group-poll"
      >
        <div
          class="group-poll-left"
        />
        <div
          class="group-poll-center"
        >
          <div
            class="group-poll-label"
          >
            New Questions
          </div>
          <div
            class="polls"
          >
            <div
              class="poll"
            >
              <div
                class="poll-item-top"
              >
                <div
                  class="poll-item-top-user"
                >
                  tylermcginnis
                </div>
                <div
                  class="poll-item-top-date"
                >
                  2:12 AM | 9/17/2023
                </div>
              </div>
              <div
                class="poll-item-bottom"
              >
                <a
                  class="poll-btn"
                  href="/question/vthrdm985a262al8qx3do"
                >
                  Show
                </a>
              </div>
            </div>
            <div
              class="poll"
            >
              <div
                class="poll-item-top"
              >
                <div
                  class="poll-item-top-user"
                >
                  mtsamis
                </div>
                <div
                  class="poll-item-top-date"
                >
                  11:32 PM | 9/15/2023
                </div>
              </div>
              <div
                class="poll-item-bottom"
              >
                <a
                  class="poll-btn"
                  href="/question/xj352vofupe1dqz9emx13r"
                >
                  Show
                </a>
              </div>
            </div>
          </div>
        </div>
        <div
          class="group-poll-right"
        />
      </div>
    </div>
  </div>,
  "debug": [Function],
  "findAllByAltText": [Function],
  "findAllByDisplayValue": [Function],
  "findAllByLabelText": [Function],
  "findAllByPlaceholderText": [Function],
  "findAllByRole": [Function],
  "findAllByTestId": [Function],
  "findAllByText": [Function],
  "findAllByTitle": [Function],
  "findByAltText": [Function],
  "findByDisplayValue": [Function],
  "findByLabelText": [Function],
  "findByPlaceholderText": [Function],
  "findByRole": [Function],
  "findByTestId": [Function],
  "findByText": [Function],
  "findByTitle": [Function],
  "getAllByAltText": [Function],
  "getAllByDisplayValue": [Function],
  "getAllByLabelText": [Function],
  "getAllByPlaceholderText": [Function],
  "getAllByRole": [Function],
  "getAllByTestId": [Function],
  "getAllByText": [Function],
  "getAllByTitle": [Function],
  "getByAltText": [Function],
  "getByDisplayValue": [Function],
  "getByLabelText": [Function],
  "getByPlaceholderText": [Function],
  "getByRole": [Function],
  "getByTestId": [Function],
  "getByText": [Function],
  "getByTitle": [Function],
  "queryAllByAltText": [Function],
  "queryAllByDisplayValue": [Function],
  "queryAllByLabelText": [Function],
  "queryAllByPlaceholderText": [Function],
  "queryAllByRole": [Function],
  "queryAllByTestId": [Function],
  "queryAllByText": [Function],
  "queryAllByTitle": [Function],
  "queryByAltText": [Function],
  "queryByDisplayValue": [Function],
  "queryByLabelText": [Function],
  "queryByPlaceholderText": [Function],
  "queryByRole": [Function],
  "queryByTestId": [Function],
  "queryByText": [Function],
  "queryByTitle": [Function],
  "rerender": [Function],
  "unmount": [Function],
}
`;
